[debug] [2026-05-17T11:17:53.989Z] ----------------------------------------------------------------------
[debug] [2026-05-17T11:17:53.991Z] Command:       C:\Program Files\nodejs\node.exe C:\Users\THANHBAO-KTTH\AppData\Roaming\npm\node_modules\firebase-tools\lib\bin\firebase.js init hosting
[debug] [2026-05-17T11:17:53.991Z] CLI Version:   15.18.0
[debug] [2026-05-17T11:17:53.991Z] Platform:      win32
[debug] [2026-05-17T11:17:53.991Z] Node Version:  v25.9.0
[debug] [2026-05-17T11:17:53.991Z] Time:          Sun May 17 2026 18:17:53 GMT+0700 (Indochina Time)
[debug] [2026-05-17T11:17:53.991Z] ----------------------------------------------------------------------
[debug] 
[info] 
     ######## #### ########  ######## ########     ###     ######  ########
     ##        ##  ##     ## ##       ##     ##  ##   ##  ##       ##
     ######    ##  ########  ######   ########  #########  ######  ######
     ##        ##  ##    ##  ##       ##     ## ##     ##       ## ##
     ##       #### ##     ## ######## ########  ##     ##  ######  ########

You're about to initialize a Firebase project in this directory:

  F:\AI_App\MyWeb

[info] 
=== Project Setup
[info] 
[info] First, let's associate this project directory with a Firebase project.
[info] You can create multiple project aliases by running firebase use --add, 
[info] 
[debug] [2026-05-17T11:18:05.442Z] > command requires scopes: ["email","openid","https://www.googleapis.com/auth/cloudplatformprojects.readonly","https://www.googleapis.com/auth/firebase","https://www.googleapis.com/auth/cloud-platform"]
[debug] [2026-05-17T11:18:05.442Z] > authorizing via signed-in user (baothvl68@gmail.com)
[debug] [2026-05-17T11:18:05.443Z] Checked if tokens are valid: true, expires at: 1779019253992
[debug] [2026-05-17T11:18:05.443Z] Checked if tokens are valid: true, expires at: 1779019253992
[debug] [2026-05-17T11:18:05.444Z] >>> [apiv2][query] GET https://firebase.googleapis.com/v1beta1/availableProjects pageSize=100
[debug] [2026-05-17T11:18:06.476Z] <<< [apiv2][status] GET https://firebase.googleapis.com/v1beta1/availableProjects 200
[debug] [2026-05-17T11:18:06.476Z] <<< [apiv2][body] GET https://firebase.googleapis.com/v1beta1/availableProjects [omitted]
[debug] [2026-05-17T11:18:14.419Z] Checked if tokens are valid: true, expires at: 1779019253992
[debug] [2026-05-17T11:18:14.420Z] Checked if tokens are valid: true, expires at: 1779019253992
[debug] [2026-05-17T11:18:14.420Z] >>> [apiv2][query] POST https://firebase.googleapis.com/v1beta1/projects/project-f67d1577-0e1a-4092-81c:addFirebase [none]
[debug] [2026-05-17T11:18:14.996Z] <<< [apiv2][status] POST https://firebase.googleapis.com/v1beta1/projects/project-f67d1577-0e1a-4092-81c:addFirebase 403
[debug] [2026-05-17T11:18:14.996Z] <<< [apiv2][body] POST https://firebase.googleapis.com/v1beta1/projects/project-f67d1577-0e1a-4092-81c:addFirebase {"error":{"code":403,"message":"The caller does not have permission","status":"PERMISSION_DENIED"}}
[debug] [2026-05-17T11:18:14.998Z] Request to https://firebase.googleapis.com/v1beta1/projects/project-f67d1577-0e1a-4092-81c:addFirebase had HTTP Error: 403, The caller does not have permission
[debug] [2026-05-17T11:18:15.179Z] FirebaseError: Request to https://firebase.googleapis.com/v1beta1/projects/project-f67d1577-0e1a-4092-81c:addFirebase had HTTP Error: 403, The caller does not have permission
    at responseToError (C:\Users\THANHBAO-KTTH\AppData\Roaming\npm\node_modules\firebase-tools\lib\responseToError.js:53:12)
    at RetryOperation._fn (C:\Users\THANHBAO-KTTH\AppData\Roaming\npm\node_modules\firebase-tools\lib\apiv2.js:333:77)
    at process.processTicksAndRejections (node:internal/process/task_queues:104:5)
[error] 
[error] Error: Failed to add Firebase to Google Cloud Platform project. See firebase-debug.log for more info.
[debug] [2026-05-17T11:18:24.295Z] ----------------------------------------------------------------------
[debug] [2026-05-17T11:18:24.297Z] Command:       C:\Program Files\nodejs\node.exe C:\Users\THANHBAO-KTTH\AppData\Roaming\npm\node_modules\firebase-tools\lib\bin\firebase.js init hosting
[debug] [2026-05-17T11:18:24.297Z] CLI Version:   15.18.0
[debug] [2026-05-17T11:18:24.297Z] Platform:      win32
[debug] [2026-05-17T11:18:24.297Z] Node Version:  v25.9.0
[debug] [2026-05-17T11:18:24.297Z] Time:          Sun May 17 2026 18:18:24 GMT+0700 (Indochina Time)
[debug] [2026-05-17T11:18:24.297Z] ----------------------------------------------------------------------
[debug] 
[info] 
     ######## #### ########  ######## ########     ###     ######  ########
     ##        ##  ##     ## ##       ##     ##  ##   ##  ##       ##
     ######    ##  ########  ######   ########  #########  ######  ######
     ##        ##  ##    ##  ##       ##     ## ##     ##       ## ##
     ##       #### ##     ## ######## ########  ##     ##  ######  ########

You're about to initialize a Firebase project in this directory:

  F:\AI_App\MyWeb

[info] 
=== Project Setup
[info] 
[info] First, let's associate this project directory with a Firebase project.
[info] You can create multiple project aliases by running firebase use --add, 
[info] 
[debug] [2026-05-17T11:18:29.777Z] > command requires scopes: ["email","openid","https://www.googleapis.com/auth/cloudplatformprojects.readonly","https://www.googleapis.com/auth/firebase","https://www.googleapis.com/auth/cloud-platform"]
[debug] [2026-05-17T11:18:29.778Z] > authorizing via signed-in user (baothvl68@gmail.com)
[debug] [2026-05-17T11:18:29.779Z] Checked if tokens are valid: true, expires at: 1779019253992
[debug] [2026-05-17T11:18:29.779Z] Checked if tokens are valid: true, expires at: 1779019253992
[debug] [2026-05-17T11:18:29.780Z] >>> [apiv2][query] GET https://firebase.googleapis.com/v1beta1/availableProjects pageSize=100
[debug] [2026-05-17T11:18:30.856Z] <<< [apiv2][status] GET https://firebase.googleapis.com/v1beta1/availableProjects 200
[debug] [2026-05-17T11:18:30.856Z] <<< [apiv2][body] GET https://firebase.googleapis.com/v1beta1/availableProjects [omitted]
[debug] [2026-05-17T11:18:33.924Z] Checked if tokens are valid: true, expires at: 1779019253992
[debug] [2026-05-17T11:18:33.924Z] Checked if tokens are valid: true, expires at: 1779019253992
[debug] [2026-05-17T11:18:33.924Z] >>> [apiv2][query] POST https://firebase.googleapis.com/v1beta1/projects/ardent-triode-495408-d1:addFirebase [none]
[debug] [2026-05-17T11:18:34.389Z] <<< [apiv2][status] POST https://firebase.googleapis.com/v1beta1/projects/ardent-triode-495408-d1:addFirebase 403
[debug] [2026-05-17T11:18:34.390Z] <<< [apiv2][body] POST https://firebase.googleapis.com/v1beta1/projects/ardent-triode-495408-d1:addFirebase {"error":{"code":403,"message":"The caller does not have permission","status":"PERMISSION_DENIED"}}
[debug] [2026-05-17T11:18:34.390Z] Request to https://firebase.googleapis.com/v1beta1/projects/ardent-triode-495408-d1:addFirebase had HTTP Error: 403, The caller does not have permission
[debug] [2026-05-17T11:18:34.559Z] FirebaseError: Request to https://firebase.googleapis.com/v1beta1/projects/ardent-triode-495408-d1:addFirebase had HTTP Error: 403, The caller does not have permission
    at responseToError (C:\Users\THANHBAO-KTTH\AppData\Roaming\npm\node_modules\firebase-tools\lib\responseToError.js:53:12)
    at RetryOperation._fn (C:\Users\THANHBAO-KTTH\AppData\Roaming\npm\node_modules\firebase-tools\lib\apiv2.js:333:77)
    at process.processTicksAndRejections (node:internal/process/task_queues:104:5)
[error] 
[error] Error: Failed to add Firebase to Google Cloud Platform project. See firebase-debug.log for more info.
